| prefer-string-builder-in-loop.java:9:13:9:23 | ... += ... | String concatenation with '+=' inside a loop creates a new String object on each iteration. Use StringBuilder.append() instead to avoid O(n²) memory allocations. |
| prefer-string-builder-in-loop.java:19:13:19:26 | ... += ... | String concatenation with '+=' inside a loop creates a new String object on each iteration. Use StringBuilder.append() instead to avoid O(n²) memory allocations. |
| prefer-string-builder-in-loop.java:29:13:29:23 | ... += ... | String concatenation with '+=' inside a loop creates a new String object on each iteration. Use StringBuilder.append() instead to avoid O(n²) memory allocations. |
