| avoid-thrifty-ble.java:44:9:44:70 | setScanMode(...) | Thrifty BLE violation: use SCAN_MODE_LOW_POWER for BLE scans, CONNECTION_PRIORITY_LOW_POWER for GATT connections, and ADVERTISE_MODE_LOW_POWER for advertising to preserve battery life. |
| avoid-thrifty-ble.java:55:9:55:67 | setScanMode(...) | Thrifty BLE violation: use SCAN_MODE_LOW_POWER for BLE scans, CONNECTION_PRIORITY_LOW_POWER for GATT connections, and ADVERTISE_MODE_LOW_POWER for advertising to preserve battery life. |
| avoid-thrifty-ble.java:66:9:66:72 | setScanMode(...) | Thrifty BLE violation: use SCAN_MODE_LOW_POWER for BLE scans, CONNECTION_PRIORITY_LOW_POWER for GATT connections, and ADVERTISE_MODE_LOW_POWER for advertising to preserve battery life. |
| avoid-thrifty-ble.java:77:9:77:78 | requestConnectionPriority(...) | Thrifty BLE violation: use SCAN_MODE_LOW_POWER for BLE scans, CONNECTION_PRIORITY_LOW_POWER for GATT connections, and ADVERTISE_MODE_LOW_POWER for advertising to preserve battery life. |
| avoid-thrifty-ble.java:88:9:88:82 | requestConnectionPriority(...) | Thrifty BLE violation: use SCAN_MODE_LOW_POWER for BLE scans, CONNECTION_PRIORITY_LOW_POWER for GATT connections, and ADVERTISE_MODE_LOW_POWER for advertising to preserve battery life. |
| avoid-thrifty-ble.java:99:9:99:85 | setAdvertiseMode(...) | Thrifty BLE violation: use SCAN_MODE_LOW_POWER for BLE scans, CONNECTION_PRIORITY_LOW_POWER for GATT connections, and ADVERTISE_MODE_LOW_POWER for advertising to preserve battery life. |
| avoid-thrifty-ble.java:110:9:110:82 | setAdvertiseMode(...) | Thrifty BLE violation: use SCAN_MODE_LOW_POWER for BLE scans, CONNECTION_PRIORITY_LOW_POWER for GATT connections, and ADVERTISE_MODE_LOW_POWER for advertising to preserve battery life. |
| avoid-thrifty-ble.java:121:9:121:74 | setScanMode(...) | Thrifty BLE violation: use SCAN_MODE_LOW_POWER for BLE scans, CONNECTION_PRIORITY_LOW_POWER for GATT connections, and ADVERTISE_MODE_LOW_POWER for advertising to preserve battery life. |
| avoid-thrifty-ble.java:124:9:124:78 | requestConnectionPriority(...) | Thrifty BLE violation: use SCAN_MODE_LOW_POWER for BLE scans, CONNECTION_PRIORITY_LOW_POWER for GATT connections, and ADVERTISE_MODE_LOW_POWER for advertising to preserve battery life. |
| avoid-thrifty-ble.java:127:9:127:88 | setAdvertiseMode(...) | Thrifty BLE violation: use SCAN_MODE_LOW_POWER for BLE scans, CONNECTION_PRIORITY_LOW_POWER for GATT connections, and ADVERTISE_MODE_LOW_POWER for advertising to preserve battery life. |
