| AvoidWakelockWithoutTimeout.java:27:9:27:20 | acquire(...) | PowerManager.WakeLock.acquire() is called without a timeout. This holds the wake lock indefinitely and risks excessive battery drain if the lock is not released promptly. Consider using acquire(long timeout) instead to ensure the wake lock is automatically released after a bounded period. |
| AvoidWakelockWithoutTimeout.java:38:9:38:20 | acquire(...) | PowerManager.WakeLock.acquire() is called without a timeout. This holds the wake lock indefinitely and risks excessive battery drain if the lock is not released promptly. Consider using acquire(long timeout) instead to ensure the wake lock is automatically released after a bounded period. |
| AvoidWakelockWithoutTimeout.java:45:9:45:20 | acquire(...) | PowerManager.WakeLock.acquire() is called without a timeout. This holds the wake lock indefinitely and risks excessive battery drain if the lock is not released promptly. Consider using acquire(long timeout) instead to ensure the wake lock is automatically released after a bounded period. |
| AvoidWakelockWithoutTimeout.java:56:9:56:26 | acquire(...) | PowerManager.WakeLock.acquire() is called without a timeout. This holds the wake lock indefinitely and risks excessive battery drain if the lock is not released promptly. Consider using acquire(long timeout) instead to ensure the wake lock is automatically released after a bounded period. |
