| avoid-import-all-from-library.ts:6:1:6:33 | import  ... odash"; | Avoid importing entire modules. Import only the specific functions or components you need to reduce bundle size and improve runtime performance. |
| avoid-import-all-from-library.ts:7:1:7:41 | import  ... score"; | Avoid importing entire modules. Import only the specific functions or components you need to reduce bundle size and improve runtime performance. |
| avoid-import-all-from-library.ts:8:1:8:27 | import  ... ramda"; | Avoid importing entire modules. Import only the specific functions or components you need to reduce bundle size and improve runtime performance. |
| avoid-import-all-from-library.ts:9:1:9:36 | import  ... e-fns"; | Avoid importing entire modules. Import only the specific functions or components you need to reduce bundle size and improve runtime performance. |
| avoid-import-all-from-library.ts:10:1:10:33 | import  ... oment"; | Avoid importing entire modules. Import only the specific functions or components you need to reduce bundle size and improve runtime performance. |
| avoid-import-all-from-library.ts:11:1:11:31 | import  ... axios"; | Avoid importing entire modules. Import only the specific functions or components you need to reduce bundle size and improve runtime performance. |
| avoid-import-all-from-library.ts:12:1:12:28 | import  ... query"; | Avoid importing entire modules. Import only the specific functions or components you need to reduce bundle size and improve runtime performance. |
| avoid-import-all-from-library.ts:18:1:18:28 | import  ... odash"; | Avoid importing entire modules. Import only the specific functions or components you need to reduce bundle size and improve runtime performance. |
| avoid-import-all-from-library.ts:19:1:19:27 | import  ... score"; | Avoid importing entire modules. Import only the specific functions or components you need to reduce bundle size and improve runtime performance. |
| avoid-import-all-from-library.ts:20:1:20:30 | import  ... press"; | Avoid importing entire modules. Import only the specific functions or components you need to reduce bundle size and improve runtime performance. |
| avoid-import-all-from-library.ts:21:1:21:26 | import  ... react"; | Avoid importing entire modules. Import only the specific functions or components you need to reduce bundle size and improve runtime performance. |
| avoid-import-all-from-library.ts:44:1:44:33 | import  ... utils"; | Avoid importing entire modules. Import only the specific functions or components you need to reduce bundle size and improve runtime performance. |
| avoid-import-all-from-library.ts:45:1:45:44 | import  ... index"; | Avoid importing entire modules. Import only the specific functions or components you need to reduce bundle size and improve runtime performance. |
