| avoid-everlasting-service.java:22:9:22:38 | startService(...) | startService() is called here without a corresponding stopService() or stopSelf() in the same method. This may keep the service alive indefinitely and cause uncontrolled energy leakage. |
| avoid-everlasting-service.java:33:9:33:38 | startService(...) | startService() is called here without a corresponding stopService() or stopSelf() in the same method. This may keep the service alive indefinitely and cause uncontrolled energy leakage. |
| avoid-everlasting-service.java:34:9:34:38 | startService(...) | startService() is called here without a corresponding stopService() or stopSelf() in the same method. This may keep the service alive indefinitely and cause uncontrolled energy leakage. |
| avoid-everlasting-service.java:45:9:45:38 | startService(...) | startService() is called here without a corresponding stopService() or stopSelf() in the same method. This may keep the service alive indefinitely and cause uncontrolled energy leakage. |
| avoid-everlasting-service.java:60:9:60:34 | startService(...) | startService() is called here without a corresponding stopService() or stopSelf() in the same method. This may keep the service alive indefinitely and cause uncontrolled energy leakage. |
| avoid-everlasting-service.java:76:13:76:42 | startService(...) | startService() is called here without a corresponding stopService() or stopSelf() in the same method. This may keep the service alive indefinitely and cause uncontrolled energy leakage. |
| avoid-everlasting-service.java:102:9:102:39 | startService(...) | startService() is called here without a corresponding stopService() or stopSelf() in the same method. This may keep the service alive indefinitely and cause uncontrolled energy leakage. |
