| avoid-everlasting-service.java:15:9:15:38 | startService(...) | startService() is called here without a corresponding stopService() or stopSelf() in the same method. This may keep the service alive indefinitely and cause uncontrolled energy leakage. |
| avoid-everlasting-service.java:20:9:20:38 | startService(...) | startService() is called here without a corresponding stopService() or stopSelf() in the same method. This may keep the service alive indefinitely and cause uncontrolled energy leakage. |
| avoid-everlasting-service.java:21:9:21:38 | startService(...) | startService() is called here without a corresponding stopService() or stopSelf() in the same method. This may keep the service alive indefinitely and cause uncontrolled energy leakage. |
| avoid-everlasting-service.java:26:9:26:38 | startService(...) | startService() is called here without a corresponding stopService() or stopSelf() in the same method. This may keep the service alive indefinitely and cause uncontrolled energy leakage. |
