| avoid-auto-complete-text-view.java:23:37:23:62 | new AutoCompleteTextView(...) | Avoid using 'AutoCompleteTextView'. It can trigger numerous remote server requests as the user types. Prefer a simple EditText with a static hint to guide the user. |
| avoid-auto-complete-text-view.java:33:43:33:73 | new MultiAutoCompleteTextView(...) | Avoid using 'MultiAutoCompleteTextView'. It can trigger numerous remote server requests as the user types. Prefer a simple EditText with a static hint to guide the user. |
| avoid-auto-complete-text-view.java:43:37:43:62 | new AutoCompleteTextView(...) | Avoid using 'AutoCompleteTextView'. It can trigger numerous remote server requests as the user types. Prefer a simple EditText with a static hint to guide the user. |
| avoid-auto-complete-text-view.java:44:43:44:73 | new MultiAutoCompleteTextView(...) | Avoid using 'MultiAutoCompleteTextView'. It can trigger numerous remote server requests as the user types. Prefer a simple EditText with a static hint to guide the user. |
