| AvoidIgnoringBatteryOptimizations.java:60:30:60:85 | Manifest.permission.REQUEST_IGNORE_BATTERY_OPTIMIZATIONS | Usage of REQUEST_IGNORE_BATTERY_OPTIMIZATIONS detected. This asks the user to whitelist the app from battery optimizations, which most applications should not need. The platform provides many facilities for apps to operate correctly in the various power saving modes. Consider removing this permission and using standard platform mechanisms instead. |
| AvoidIgnoringBatteryOptimizations.java:68:30:68:86 | "android.permission.REQUEST_IGNORE_BATTERY_OPTIMIZATIONS" | Usage of REQUEST_IGNORE_BATTERY_OPTIMIZATIONS detected. This asks the user to whitelist the app from battery optimizations, which most applications should not need. The platform provides many facilities for apps to operate correctly in the various power saving modes. Consider removing this permission and using standard platform mechanisms instead. |
| AvoidIgnoringBatteryOptimizations.java:76:23:76:78 | Manifest.permission.REQUEST_IGNORE_BATTERY_OPTIMIZATIONS | Usage of REQUEST_IGNORE_BATTERY_OPTIMIZATIONS detected. This asks the user to whitelist the app from battery optimizations, which most applications should not need. The platform provides many facilities for apps to operate correctly in the various power saving modes. Consider removing this permission and using standard platform mechanisms instead. |
| AvoidIgnoringBatteryOptimizations.java:84:17:84:73 | "android.permission.REQUEST_IGNORE_BATTERY_OPTIMIZATIONS" | Usage of REQUEST_IGNORE_BATTERY_OPTIMIZATIONS detected. This asks the user to whitelist the app from battery optimizations, which most applications should not need. The platform provides many facilities for apps to operate correctly in the various power saving modes. Consider removing this permission and using standard platform mechanisms instead. |
| AvoidIgnoringBatteryOptimizations.java:90:40:90:95 | Manifest.permission.REQUEST_IGNORE_BATTERY_OPTIMIZATIONS | Usage of REQUEST_IGNORE_BATTERY_OPTIMIZATIONS detected. This asks the user to whitelist the app from battery optimizations, which most applications should not need. The platform provides many facilities for apps to operate correctly in the various power saving modes. Consider removing this permission and using standard platform mechanisms instead. |
| AvoidIgnoringBatteryOptimizations.java:100:36:100:87 | Settings.ACTION_REQUEST_IGNORE_BATTERY_OPTIMIZATIONS | Usage of REQUEST_IGNORE_BATTERY_OPTIMIZATIONS detected. This asks the user to whitelist the app from battery optimizations, which most applications should not need. The platform provides many facilities for apps to operate correctly in the various power saving modes. Consider removing this permission and using standard platform mechanisms instead. |
