| avoid-thrifty-geolocation.java:26:9:26:64 | setPowerRequirement(...) | Thrifty geolocation violation: ensure setPowerRequirement() uses POWER_LOW, and requestLocationUpdates() is called with minTime > 0 and minDistance > 0 to preserve battery life. |
| avoid-thrifty-geolocation.java:39:9:39:66 | setPowerRequirement(...) | Thrifty geolocation violation: ensure setPowerRequirement() uses POWER_LOW, and requestLocationUpdates() is called with minTime > 0 and minDistance > 0 to preserve battery life. |
| avoid-thrifty-geolocation.java:54:9:54:80 | requestLocationUpdates(...) | Thrifty geolocation violation: ensure setPowerRequirement() uses POWER_LOW, and requestLocationUpdates() is called with minTime > 0 and minDistance > 0 to preserve battery life. |
| avoid-thrifty-geolocation.java:67:9:67:82 | requestLocationUpdates(...) | Thrifty geolocation violation: ensure setPowerRequirement() uses POWER_LOW, and requestLocationUpdates() is called with minTime > 0 and minDistance > 0 to preserve battery life. |
| avoid-thrifty-geolocation.java:80:9:80:79 | requestLocationUpdates(...) | Thrifty geolocation violation: ensure setPowerRequirement() uses POWER_LOW, and requestLocationUpdates() is called with minTime > 0 and minDistance > 0 to preserve battery life. |
| avoid-thrifty-geolocation.java:91:9:91:64 | setPowerRequirement(...) | Thrifty geolocation violation: ensure setPowerRequirement() uses POWER_LOW, and requestLocationUpdates() is called with minTime > 0 and minDistance > 0 to preserve battery life. |
| avoid-thrifty-geolocation.java:93:9:93:79 | requestLocationUpdates(...) | Thrifty geolocation violation: ensure setPowerRequirement() uses POWER_LOW, and requestLocationUpdates() is called with minTime > 0 and minDistance > 0 to preserve battery life. |
| avoid-thrifty-geolocation.java:104:9:104:66 | setPowerRequirement(...) | Thrifty geolocation violation: ensure setPowerRequirement() uses POWER_LOW, and requestLocationUpdates() is called with minTime > 0 and minDistance > 0 to preserve battery life. |
| avoid-thrifty-geolocation.java:106:9:106:82 | requestLocationUpdates(...) | Thrifty geolocation violation: ensure setPowerRequirement() uses POWER_LOW, and requestLocationUpdates() is called with minTime > 0 and minDistance > 0 to preserve battery life. |
