| avoid-day-night-mode.xml:5:5:5:65 | parent=Theme.AppCompat.Light | The theme 'AppTheme.Light' does not inherit from a DayNight theme. Use 'Theme.*.DayNight' as parent to support Android dark mode and reduce energy consumption on (AM)OLED screens. |
| avoid-day-night-mode.xml:9:5:9:58 | parent=Theme.AppCompat | The theme 'AppTheme.Dark' does not inherit from a DayNight theme. Use 'Theme.*.DayNight' as parent to support Android dark mode and reduce energy consumption on (AM)OLED screens. |
| avoid-day-night-mode.xml:13:5:13:71 | parent=Theme.MaterialComponents | The theme 'AppTheme.Material' does not inherit from a DayNight theme. Use 'Theme.*.DayNight' as parent to support Android dark mode and reduce energy consumption on (AM)OLED screens. |
| avoid-day-night-mode.xml:17:5:17:83 | parent=Theme.AppCompat.Light.DarkActionBar | The theme 'AppTheme.LightDark' does not inherit from a DayNight theme. Use 'Theme.*.DayNight' as parent to support Android dark mode and reduce energy consumption on (AM)OLED screens. |
| avoid-ligth-ui.xml:5:5:5:65 | parent=Theme.AppCompat.Light | The theme 'AppTheme.Light' does not inherit from a DayNight theme. Use 'Theme.*.DayNight' as parent to support Android dark mode and reduce energy consumption on (AM)OLED screens. |
| avoid-ligth-ui.xml:9:5:9:82 | parent=Theme.MaterialComponents.Light | The theme 'AppTheme.MaterialLight' does not inherit from a DayNight theme. Use 'Theme.*.DayNight' as parent to support Android dark mode and reduce energy consumption on (AM)OLED screens. |
| avoid-ligth-ui.xml:13:5:13:83 | parent=Theme.AppCompat.Light.DarkActionBar | The theme 'AppTheme.LightDark' does not inherit from a DayNight theme. Use 'Theme.*.DayNight' as parent to support Android dark mode and reduce energy consumption on (AM)OLED screens. |
| avoid-ligth-ui.xml:17:5:17:100 | parent=Theme.MaterialComponents.Light.DarkActionBar | The theme 'AppTheme.MaterialLightDark' does not inherit from a DayNight theme. Use 'Theme.*.DayNight' as parent to support Android dark mode and reduce energy consumption on (AM)OLED screens. |
| avoid-ligth-ui.xml:21:5:21:58 | parent=Theme.AppCompat | The theme 'AppTheme.Dark' does not inherit from a DayNight theme. Use 'Theme.*.DayNight' as parent to support Android dark mode and reduce energy consumption on (AM)OLED screens. |
| avoid-ligth-ui.xml:25:5:25:75 | parent=Theme.MaterialComponents | The theme 'AppTheme.MaterialDark' does not inherit from a DayNight theme. Use 'Theme.*.DayNight' as parent to support Android dark mode and reduce energy consumption on (AM)OLED screens. |
