| prefer-lazy-loading-compose.kt:13:5:13:53 | listView | Avoid 'ListView'. Use Jetpack Compose lazy components (LazyColumn, LazyRow, LazyVerticalGrid) from androidx.compose.foundation.lazy instead to load data only when visible on screen. |
| prefer-lazy-loading-compose.kt:14:5:14:53 | gridView | Avoid 'GridView'. Use Jetpack Compose lazy components (LazyColumn, LazyRow, LazyVerticalGrid) from androidx.compose.foundation.lazy instead to load data only when visible on screen. |
| prefer-lazy-loading-compose.kt:15:5:15:53 | recyclerView | Avoid 'RecyclerView'. Use Jetpack Compose lazy components (LazyColumn, LazyRow, LazyVerticalGrid) from androidx.compose.foundation.lazy instead to load data only when visible on screen. |
| prefer-lazy-loading-compose.kt:18:13:18:16 | ListView list | Avoid 'ListView'. Use Jetpack Compose lazy components (LazyColumn, LazyRow, LazyVerticalGrid) from androidx.compose.foundation.lazy instead to load data only when visible on screen. |
| prefer-lazy-loading-compose.kt:19:13:19:16 | GridView grid | Avoid 'GridView'. Use Jetpack Compose lazy components (LazyColumn, LazyRow, LazyVerticalGrid) from androidx.compose.foundation.lazy instead to load data only when visible on screen. |
| prefer-lazy-loading-compose.kt:20:13:20:20 | RecyclerView recycler | Avoid 'RecyclerView'. Use Jetpack Compose lazy components (LazyColumn, LazyRow, LazyVerticalGrid) from androidx.compose.foundation.lazy instead to load data only when visible on screen. |
