| prefer-lazy-loading-compose.java:13:14:13:21 | listView | Avoid 'ListView'. Use Jetpack Compose lazy components (LazyColumn, LazyRow, LazyVerticalGrid) from androidx.compose.foundation.lazy instead to load data only when visible on screen. |
| prefer-lazy-loading-compose.java:14:14:14:21 | gridView | Avoid 'GridView'. Use Jetpack Compose lazy components (LazyColumn, LazyRow, LazyVerticalGrid) from androidx.compose.foundation.lazy instead to load data only when visible on screen. |
| prefer-lazy-loading-compose.java:15:18:15:29 | recyclerView | Avoid 'RecyclerView'. Use Jetpack Compose lazy components (LazyColumn, LazyRow, LazyVerticalGrid) from androidx.compose.foundation.lazy instead to load data only when visible on screen. |
| prefer-lazy-loading-compose.java:18:9:18:29 | ListView list | Avoid 'ListView'. Use Jetpack Compose lazy components (LazyColumn, LazyRow, LazyVerticalGrid) from androidx.compose.foundation.lazy instead to load data only when visible on screen. |
| prefer-lazy-loading-compose.java:19:9:19:29 | GridView grid | Avoid 'GridView'. Use Jetpack Compose lazy components (LazyColumn, LazyRow, LazyVerticalGrid) from androidx.compose.foundation.lazy instead to load data only when visible on screen. |
| prefer-lazy-loading-compose.java:20:9:20:37 | RecyclerView recycler | Avoid 'RecyclerView'. Use Jetpack Compose lazy components (LazyColumn, LazyRow, LazyVerticalGrid) from androidx.compose.foundation.lazy instead to load data only when visible on screen. |
