| avoid-save-and-flush-in-loop.java:13:13:13:43 | saveAndFlush(...) | saveAndFlush() inside a loop forces database synchronization on every iteration and disables batching. |
| avoid-save-and-flush-in-loop.java:20:13:20:43 | saveAndFlush(...) | saveAndFlush() inside a loop forces database synchronization on every iteration and disables batching. |
| avoid-save-and-flush-in-loop.java:29:13:29:43 | saveAndFlush(...) | saveAndFlush() inside a loop forces database synchronization on every iteration and disables batching. |
| avoid-save-and-flush-in-loop.java:37:13:37:32 | saveAndFlush(...) | saveAndFlush() inside a loop forces database synchronization on every iteration and disables batching. |
