| prefer-lazy-loading-compose.java:20:14:20:21 | listView | Avoid 'ListView'. Use Jetpack Compose lazy components (LazyColumn, LazyRow, LazyVerticalGrid) from androidx.compose.foundation.lazy instead to load data only when visible on screen. |
| prefer-lazy-loading-compose.java:23:14:23:21 | gridView | Avoid 'GridView'. Use Jetpack Compose lazy components (LazyColumn, LazyRow, LazyVerticalGrid) from androidx.compose.foundation.lazy instead to load data only when visible on screen. |
| prefer-lazy-loading-compose.java:26:18:26:29 | recyclerView | Avoid 'RecyclerView'. Use Jetpack Compose lazy components (LazyColumn, LazyRow, LazyVerticalGrid) from androidx.compose.foundation.lazy instead to load data only when visible on screen. |
| prefer-lazy-loading-compose.java:30:9:30:39 | ListView list | Avoid 'ListView'. Use Jetpack Compose lazy components (LazyColumn, LazyRow, LazyVerticalGrid) from androidx.compose.foundation.lazy instead to load data only when visible on screen. |
| prefer-lazy-loading-compose.java:36:9:36:39 | GridView grid | Avoid 'GridView'. Use Jetpack Compose lazy components (LazyColumn, LazyRow, LazyVerticalGrid) from androidx.compose.foundation.lazy instead to load data only when visible on screen. |
| prefer-lazy-loading-compose.java:42:9:42:51 | RecyclerView recycler | Avoid 'RecyclerView'. Use Jetpack Compose lazy components (LazyColumn, LazyRow, LazyVerticalGrid) from androidx.compose.foundation.lazy instead to load data only when visible on screen. |
| prefer-lazy-loading-compose.java:49:9:49:26 | ListView l | Avoid 'ListView'. Use Jetpack Compose lazy components (LazyColumn, LazyRow, LazyVerticalGrid) from androidx.compose.foundation.lazy instead to load data only when visible on screen. |
| prefer-lazy-loading-compose.java:50:9:50:26 | GridView g | Avoid 'GridView'. Use Jetpack Compose lazy components (LazyColumn, LazyRow, LazyVerticalGrid) from androidx.compose.foundation.lazy instead to load data only when visible on screen. |
| prefer-lazy-loading-compose.java:51:9:51:30 | RecyclerView r | Avoid 'RecyclerView'. Use Jetpack Compose lazy components (LazyColumn, LazyRow, LazyVerticalGrid) from androidx.compose.foundation.lazy instead to load data only when visible on screen. |
