| AvoidKeepVoiceAwake.java:23:9:23:26 | setKeepAwake(...) | VoiceInteractionSession.setKeepAwake(true) holds a wake lock that keeps the device awake while the voice interaction session is running, draining the battery even when the screen is off. Consider calling setKeepAwake(false) to release the wake lock and allow the CPU to sleep. |
| AvoidKeepVoiceAwake.java:34:9:34:26 | setKeepAwake(...) | VoiceInteractionSession.setKeepAwake(true) holds a wake lock that keeps the device awake while the voice interaction session is running, draining the battery even when the screen is off. Consider calling setKeepAwake(false) to release the wake lock and allow the CPU to sleep. |
| AvoidKeepVoiceAwake.java:53:9:53:34 | setKeepAwake(...) | VoiceInteractionSession.setKeepAwake(true) holds a wake lock that keeps the device awake while the voice interaction session is running, draining the battery even when the screen is off. Consider calling setKeepAwake(false) to release the wake lock and allow the CPU to sleep. |
