| require-close-eventListener.js:3:1:5:2 | button. ... ');\\r\\n}) | Event listener added with 'addEventListener' but no corresponding 'removeEventListener' found. This may cause memory leaks. Always pair 'addEventListener' with 'removeEventListener' when the listener is no longer needed. |
| require-close-eventListener.js:12:5:14:6 | this.el ... \\n    }) | Event listener added with 'addEventListener' but no corresponding 'removeEventListener' found. This may cause memory leaks. Always pair 'addEventListener' with 'removeEventListener' when the listener is no longer needed. |
| require-close-eventListener.js:21:3:21:44 | btn.add ... eClick) | Event listener added with 'addEventListener' but no corresponding 'removeEventListener' found. This may cause memory leaks. Always pair 'addEventListener' with 'removeEventListener' when the listener is no longer needed. |
| require-close-eventListener.js:62:1:62:49 | element ... ndler2) | Event listener added with 'addEventListener' but no corresponding 'removeEventListener' found. This may cause memory leaks. Always pair 'addEventListener' with 'removeEventListener' when the listener is no longer needed. |
| require-close-eventListener.js:73:1:73:49 | element ... ndler3) | Event listener added with 'addEventListener' but no corresponding 'removeEventListener' found. This may cause memory leaks. Always pair 'addEventListener' with 'removeEventListener' when the listener is no longer needed. |
