| avoid-repository-in-loop-or-stream.java:24:13:24:28 | findById(...) | Spring repository method 'findById()' is called inside a loop or stream operation. Prefer a single batch call outside the loop to reduce database round-trips and energy consumption. |
| avoid-repository-in-loop-or-stream.java:34:13:34:29 | findById(...) | Spring repository method 'findById()' is called inside a loop or stream operation. Prefer a single batch call outside the loop to reduce database round-trips and energy consumption. |
| avoid-repository-in-loop-or-stream.java:44:13:44:28 | findById(...) | Spring repository method 'findById()' is called inside a loop or stream operation. Prefer a single batch call outside the loop to reduce database round-trips and energy consumption. |
| avoid-repository-in-loop-or-stream.java:53:42:53:58 | findById(...) | Spring repository method 'findById()' is called inside a loop or stream operation. Prefer a single batch call outside the loop to reduce database round-trips and energy consumption. |
| avoid-repository-in-loop-or-stream.java:60:38:60:54 | findById(...) | Spring repository method 'findById()' is called inside a loop or stream operation. Prefer a single batch call outside the loop to reduce database round-trips and energy consumption. |
| avoid-repository-in-loop-or-stream.java:67:39:67:55 | findById(...) | Spring repository method 'findById()' is called inside a loop or stream operation. Prefer a single batch call outside the loop to reduce database round-trips and energy consumption. |
| avoid-repository-in-loop-or-stream.java:74:49:74:65 | findById(...) | Spring repository method 'findById()' is called inside a loop or stream operation. Prefer a single batch call outside the loop to reduce database round-trips and energy consumption. |
