| avoid-android-sdk-location.java:12:21:12:27 | manager | Avoid using 'LocationManager' from the Android SDK. Use the fused location provider from 'com.google.android.gms.location' instead to reduce battery consumption. |
| avoid-android-sdk-location.java:13:22:13:29 | listener | Avoid using 'LocationListener' from the Android SDK. Use the fused location provider from 'com.google.android.gms.location' instead to reduce battery consumption. |
| avoid-android-sdk-location.java:14:21:14:27 | request | Avoid using 'LocationRequest' from the Android SDK. Use the fused location provider from 'com.google.android.gms.location' instead to reduce battery consumption. |
| avoid-android-sdk-location.java:15:14:15:21 | criteria | Avoid using 'Criteria' from the Android SDK. Use the fused location provider from 'com.google.android.gms.location' instead to reduce battery consumption. |
| avoid-android-sdk-location.java:16:15:16:23 | gpsStatus | Avoid using 'GpsStatus' from the Android SDK. Use the fused location provider from 'com.google.android.gms.location' instead to reduce battery consumption. |
| avoid-android-sdk-location.java:19:9:19:35 | LocationManager mgr | Avoid using 'LocationManager' from the Android SDK. Use the fused location provider from 'com.google.android.gms.location' instead to reduce battery consumption. |
| avoid-android-sdk-location.java:20:9:20:29 | Criteria crit | Avoid using 'Criteria' from the Android SDK. Use the fused location provider from 'com.google.android.gms.location' instead to reduce battery consumption. |
