| avoid-android-sdk-location.java:14:21:14:27 | manager | Avoid using 'LocationManager' from the Android SDK. Use the fused location provider from 'com.google.android.gms.location' instead to reduce battery consumption. |
| avoid-android-sdk-location.java:15:22:15:29 | listener | Avoid using 'LocationListener' from the Android SDK. Use the fused location provider from 'com.google.android.gms.location' instead to reduce battery consumption. |
| avoid-android-sdk-location.java:16:21:16:27 | request | Avoid using 'LocationRequest' from the Android SDK. Use the fused location provider from 'com.google.android.gms.location' instead to reduce battery consumption. |
| avoid-android-sdk-location.java:17:14:17:21 | criteria | Avoid using 'Criteria' from the Android SDK. Use the fused location provider from 'com.google.android.gms.location' instead to reduce battery consumption. |
| avoid-android-sdk-location.java:18:15:18:23 | gpsStatus | Avoid using 'GpsStatus' from the Android SDK. Use the fused location provider from 'com.google.android.gms.location' instead to reduce battery consumption. |
| avoid-android-sdk-location.java:27:9:27:36 | LocationManager mgr | Avoid using 'LocationManager' from the Android SDK. Use the fused location provider from 'com.google.android.gms.location' instead to reduce battery consumption. |
| avoid-android-sdk-location.java:28:9:28:36 | Criteria crit | Avoid using 'Criteria' from the Android SDK. Use the fused location provider from 'com.google.android.gms.location' instead to reduce battery consumption. |
| avoid-android-sdk-location.java:38:9:38:41 | LocationManager manager | Avoid using 'LocationManager' from the Android SDK. Use the fused location provider from 'com.google.android.gms.location' instead to reduce battery consumption. |
| avoid-android-sdk-location.java:39:9:39:41 | LocationListener listener | Avoid using 'LocationListener' from the Android SDK. Use the fused location provider from 'com.google.android.gms.location' instead to reduce battery consumption. |
| avoid-android-sdk-location.java:40:9:40:41 | LocationRequest request | Avoid using 'LocationRequest' from the Android SDK. Use the fused location provider from 'com.google.android.gms.location' instead to reduce battery consumption. |
| avoid-android-sdk-location.java:41:9:41:41 | Criteria criteria | Avoid using 'Criteria' from the Android SDK. Use the fused location provider from 'com.google.android.gms.location' instead to reduce battery consumption. |
| avoid-android-sdk-location.java:42:9:42:41 | GpsStatus gpsStatus | Avoid using 'GpsStatus' from the Android SDK. Use the fused location provider from 'com.google.android.gms.location' instead to reduce battery consumption. |
