| avoid-keep-screen-on.java:3:9:3:51 | avoid-keep-screen-on.java:3:9:3:51 | The screen is kept on via FLAG_KEEP_SCREEN_ON in code. |
| avoid-keep-screen-on.java:14:20:14:65 | avoid-keep-screen-on.java:14:20:14:65 | The screen is kept on via FLAG_KEEP_SCREEN_ON in code. |
| avoid-keep-screen-on.java:24:21:24:66 | avoid-keep-screen-on.java:24:21:24:66 | The screen is kept on via FLAG_KEEP_SCREEN_ON in code. |
| avoid-keep-screen-on.java:34:22:34:67 | avoid-keep-screen-on.java:34:22:34:67 | The screen is kept on via FLAG_KEEP_SCREEN_ON in code. |
| avoid-keep-screen-on.java:44:22:44:67 | avoid-keep-screen-on.java:44:22:44:67 | The screen is kept on via FLAG_KEEP_SCREEN_ON in code. |
| avoid-keep-screen-on.java:56:21:56:66 | avoid-keep-screen-on.java:56:21:56:66 | The screen is kept on via FLAG_KEEP_SCREEN_ON in code. |
| avoid-keep-screen-on.java:69:24:69:69 | avoid-keep-screen-on.java:69:24:69:69 | The screen is kept on via FLAG_KEEP_SCREEN_ON in code. |
| avoid-keep-screen-on.xml:3:1:4:33 | avoid-keep-screen-on.xml:3:1:4:33 | The screen is kept on via the 'android:keepScreenOn="true"' XML attribute. |
| avoid-keep-screen-on.xml:7:5:9:32 | avoid-keep-screen-on.xml:7:5:9:32 | The screen is kept on via the 'android:keepScreenOn="true"' XML attribute. |
