| avoid-thrifty-motion-sensor.java:23:9:23:63 | getDefaultSensor(...) | Prefer Sensor.TYPE_GEOMAGNETIC_ROTATION_VECTOR over 'TYPE_ROTATION_VECTOR' in getDefaultSensor(). The geomagnetic rotation vector uses less power as it relies on a magnetometer instead of a gyroscope. |
| avoid-thrifty-motion-sensor.java:34:9:34:57 | getDefaultSensor(...) | Prefer Sensor.TYPE_GEOMAGNETIC_ROTATION_VECTOR over 'TYPE_GYROSCOPE' in getDefaultSensor(). The geomagnetic rotation vector uses less power as it relies on a magnetometer instead of a gyroscope. |
| avoid-thrifty-motion-sensor.java:45:9:45:70 | getDefaultSensor(...) | Prefer Sensor.TYPE_GEOMAGNETIC_ROTATION_VECTOR over 'TYPE_GYROSCOPE_UNCALIBRATED' in getDefaultSensor(). The geomagnetic rotation vector uses less power as it relies on a magnetometer instead of a gyroscope. |
| avoid-thrifty-motion-sensor.java:56:9:56:63 | getDefaultSensor(...) | Prefer Sensor.TYPE_GEOMAGNETIC_ROTATION_VECTOR over 'TYPE_ROTATION_VECTOR' in getDefaultSensor(). The geomagnetic rotation vector uses less power as it relies on a magnetometer instead of a gyroscope. |
| avoid-thrifty-motion-sensor.java:57:9:57:57 | getDefaultSensor(...) | Prefer Sensor.TYPE_GEOMAGNETIC_ROTATION_VECTOR over 'TYPE_GYROSCOPE' in getDefaultSensor(). The geomagnetic rotation vector uses less power as it relies on a magnetometer instead of a gyroscope. |
| avoid-thrifty-motion-sensor.java:58:9:58:70 | getDefaultSensor(...) | Prefer Sensor.TYPE_GEOMAGNETIC_ROTATION_VECTOR over 'TYPE_GYROSCOPE_UNCALIBRATED' in getDefaultSensor(). The geomagnetic rotation vector uses less power as it relies on a magnetometer instead of a gyroscope. |
