| AvoidCompanionInBackground.java:4:9:5:73 | REQUEST_COMPANION_RUN_IN_BACKGROUND | Usage of REQUEST_COMPANION_RUN_IN_BACKGROUND permission detected. Excluding a companion device app from battery optimizations allows it to run in the background indefinitely, which has a negative effect on the device's battery. Consider removing this permission or restricting background execution. |
| AvoidCompanionInBackground.java:42:30:42:84 | Manifest.permission.REQUEST_COMPANION_RUN_IN_BACKGROUND | Usage of REQUEST_COMPANION_RUN_IN_BACKGROUND permission detected. Excluding a companion device app from battery optimizations allows it to run in the background indefinitely, which has a negative effect on the device's battery. Consider removing this permission or restricting background execution. |
| AvoidCompanionInBackground.java:50:30:50:85 | "android.permission.REQUEST_COMPANION_RUN_IN_BACKGROUND" | Usage of REQUEST_COMPANION_RUN_IN_BACKGROUND permission detected. Excluding a companion device app from battery optimizations allows it to run in the background indefinitely, which has a negative effect on the device's battery. Consider removing this permission or restricting background execution. |
| AvoidCompanionInBackground.java:58:23:58:77 | Manifest.permission.REQUEST_COMPANION_RUN_IN_BACKGROUND | Usage of REQUEST_COMPANION_RUN_IN_BACKGROUND permission detected. Excluding a companion device app from battery optimizations allows it to run in the background indefinitely, which has a negative effect on the device's battery. Consider removing this permission or restricting background execution. |
| AvoidCompanionInBackground.java:66:17:66:72 | "android.permission.REQUEST_COMPANION_RUN_IN_BACKGROUND" | Usage of REQUEST_COMPANION_RUN_IN_BACKGROUND permission detected. Excluding a companion device app from battery optimizations allows it to run in the background indefinitely, which has a negative effect on the device's battery. Consider removing this permission or restricting background execution. |
| AvoidCompanionInBackground.java:72:40:72:94 | Manifest.permission.REQUEST_COMPANION_RUN_IN_BACKGROUND | Usage of REQUEST_COMPANION_RUN_IN_BACKGROUND permission detected. Excluding a companion device app from battery optimizations allows it to run in the background indefinitely, which has a negative effect on the device's battery. Consider removing this permission or restricting background execution. |
