| prefer-bluetooth-low-energy.java:23:28:23:49 | device | Avoid classic Bluetooth ('BluetoothDevice'). Use Bluetooth Low Energy APIs from android.bluetooth.le instead to significantly reduce power consumption. |
| prefer-bluetooth-low-energy.java:29:22:29:28 | adapter | Avoid classic Bluetooth ('BluetoothAdapter'). Use Bluetooth Low Energy APIs from android.bluetooth.le instead to significantly reduce power consumption. |
| prefer-bluetooth-low-energy.java:32:21:32:26 | device | Avoid classic Bluetooth ('BluetoothDevice'). Use Bluetooth Low Energy APIs from android.bluetooth.le instead to significantly reduce power consumption. |
| prefer-bluetooth-low-energy.java:35:21:35:26 | socket | Avoid classic Bluetooth ('BluetoothSocket'). Use Bluetooth Low Energy APIs from android.bluetooth.le instead to significantly reduce power consumption. |
| prefer-bluetooth-low-energy.java:38:27:38:38 | serverSocket | Avoid classic Bluetooth ('BluetoothServerSocket'). Use Bluetooth Low Energy APIs from android.bluetooth.le instead to significantly reduce power consumption. |
| prefer-bluetooth-low-energy.java:41:22:41:28 | profile | Avoid classic Bluetooth ('BluetoothProfile'). Use Bluetooth Low Energy APIs from android.bluetooth.le instead to significantly reduce power consumption. |
| prefer-bluetooth-low-energy.java:45:9:45:77 | BluetoothAdapter localAdapter | Avoid classic Bluetooth ('BluetoothAdapter'). Use Bluetooth Low Energy APIs from android.bluetooth.le instead to significantly reduce power consumption. |
| prefer-bluetooth-low-energy.java:51:9:51:66 | BluetoothAdapter a | Avoid classic Bluetooth ('BluetoothAdapter'). Use Bluetooth Low Energy APIs from android.bluetooth.le instead to significantly reduce power consumption. |
| prefer-bluetooth-low-energy.java:52:9:52:66 | BluetoothDevice remoteDevice | Avoid classic Bluetooth ('BluetoothDevice'). Use Bluetooth Low Energy APIs from android.bluetooth.le instead to significantly reduce power consumption. |
| prefer-bluetooth-low-energy.java:57:9:57:33 | BluetoothSocket s | Avoid classic Bluetooth ('BluetoothSocket'). Use Bluetooth Low Energy APIs from android.bluetooth.le instead to significantly reduce power consumption. |
| prefer-bluetooth-low-energy.java:63:9:63:40 | BluetoothServerSocket ss | Avoid classic Bluetooth ('BluetoothServerSocket'). Use Bluetooth Low Energy APIs from android.bluetooth.le instead to significantly reduce power consumption. |
