| AvoidWorkWithoutBatteryConstraints.java:48:38:49:24 | build(...) | WorkRequest built without battery constraints. Consider adding setRequiresBatteryNotLow(true) or setRequiresCharging(true) to the Constraints to defer work until the device has sufficient power. |
| AvoidWorkWithoutBatteryConstraints.java:59:38:61:24 | build(...) | WorkRequest built without battery constraints. Consider adding setRequiresBatteryNotLow(true) or setRequiresCharging(true) to the Constraints to defer work until the device has sufficient power. |
| AvoidWorkWithoutBatteryConstraints.java:71:38:73:24 | build(...) | WorkRequest built without battery constraints. Consider adding setRequiresBatteryNotLow(true) or setRequiresCharging(true) to the Constraints to defer work until the device has sufficient power. |
