| avoid-brightness-override.java:47:9:47:28 | setBrightness(...) | Calling setBrightness() or directly setting screenBrightness forces a fixed screen brightness, bypassing Android's adaptive brightness feature (introduced in Android 9) which adjusts brightness based on ambient light to improve battery life. |
| avoid-brightness-override.java:51:9:51:27 | setBrightness(...) | Calling setBrightness() or directly setting screenBrightness forces a fixed screen brightness, bypassing Android's adaptive brightness feature (introduced in Android 9) which adjusts brightness based on ambient light to improve battery life. |
| avoid-brightness-override.java:55:9:55:60 | setBrightness(...) | Calling setBrightness() or directly setting screenBrightness forces a fixed screen brightness, bypassing Android's adaptive brightness feature (introduced in Android 9) which adjusts brightness based on ambient light to improve battery life. |
| avoid-brightness-override.java:59:9:59:60 | setBrightness(...) | Calling setBrightness() or directly setting screenBrightness forces a fixed screen brightness, bypassing Android's adaptive brightness feature (introduced in Android 9) which adjusts brightness based on ambient light to improve battery life. |
| avoid-brightness-override.java:81:9:81:35 | applyScreenBrightness(...) | Calling setBrightness() or directly setting screenBrightness forces a fixed screen brightness, bypassing Android's adaptive brightness feature (introduced in Android 9) which adjusts brightness based on ambient light to improve battery life. |
| avoid-brightness-override.java:131:9:131:27 | setBrightness(...) | Calling setBrightness() or directly setting screenBrightness forces a fixed screen brightness, bypassing Android's adaptive brightness feature (introduced in Android 9) which adjusts brightness based on ambient light to improve battery life. |
| avoid-brightness-override.java:161:9:161:32 | applyRawBrightness(...) | Calling setBrightness() or directly setting screenBrightness forces a fixed screen brightness, bypassing Android's adaptive brightness feature (introduced in Android 9) which adjusts brightness based on ambient light to improve battery life. |
