| avoid-brightness-override.java:25:9:25:31 | params.screenBrightness | Avoid setting screenBrightness to BRIGHTNESS_OVERRIDE_FULL. This disables Android's adaptive brightness feature which was introduced to improve battery life. |
| avoid-brightness-override.java:31:9:31:31 | params.screenBrightness | Avoid setting screenBrightness to BRIGHTNESS_OVERRIDE_FULL. This disables Android's adaptive brightness feature which was introduced to improve battery life. |
| avoid-brightness-override.java:37:13:37:35 | params.screenBrightness | Avoid setting screenBrightness to BRIGHTNESS_OVERRIDE_FULL. This disables Android's adaptive brightness feature which was introduced to improve battery life. |
